$ a b c d e f g h i l m n o p r s t u v w 
h n s w a e o $ i $ d e n r v e f r o e f l s i $ p c t m p r u e p $ a e m s $ e i s t a e o n t e e 
o c t s e n $ m u f $ d c $ a e s e r e a p r n f i t e u e e p p m s n r e n s n s $ e $ a v l s $ h a o n r r t e r e 
r e e $ h e t p n f $ e n n e r e r s p s c e e a n t $ r u e $ e t $ s r c s c i $ v h w e i t o n r c $ m e r a d 
s $ r o d e u t e $ c c v a n e s e e e r n n c e $ t r $ e e $ e $ h e l s e o e r e a p c m e $ r $ n $ 
e $ p $ r t e r e e e n c n $ h r $ $ e c c e r e $ r v $ o $ i t r r e a n n p e $ $ $ c 
$ p $ e r e $ $ r c e c o $ n e e $ $ r $ e p e a a s d n c c e $ e 
e r $ n a e $ e p c $ $ $ r p n n n e $ c e e r $ 
r $ c n $ $ p e a e c c c $ e $ $ $ 
$ e c e $ n r e e e $ 
$ e r c $ $ $ $ 
$ $ e 
$ 
