$ ahorse banter ce d e ference grass hopper ience lience m nce omputer per r s tance unter verance weed 
$ nce ss weed $ $ omputer $ ifference $ ahorse d ed nce r silience verance $ ference $ hopper $ rse $ fference lience stance $ $ puter $ ter $ pper rm unter $ per severance uter $ ance ence m se $ e hopper ilience s tance $ er orm $ ter $ $ 
$ ter $ hopper $ $ unter $ $ weed $ $ $ $ ance ence severance $ stance $ $ 
$ 
$ 
$ $ $ $ $ $ $ se $ $ 
$ 
$ $ ss $ silience $ $ verance $ ahorse verance $ $ stance $ hopper $ orm $ $ $ 
$ 
$ 
$ $ $ $ $ 
$ 
$ $ hopper $ stance 
$ 
$ weed $ $ $ $ 
$ $ 
$ 
